// 同步 ID: 7dee9485 @ Thu Jul 23 09:39:36 UTC 2026
// 重构日志: 16be0347
// 同步 ID: 888abba7 @ Fri Jul 24 07:01:20 UTC 2026
// 同步 ID: 6a7d726b @ Sun Jul 26 04:15:59 UTC 2026
// 重构日志: d5528000
// 同步 ID: a24bc8e6 @ Sun Jul 26 12:12:15 UTC 2026
// 重构日志: 05587cf1
// 重构日志: a611f2f8
// 同步 ID: ecb2f296 @ Mon Jul 27 13:10:24 UTC 2026
// 重构日志: 58b91af7
// 重构日志: 8242fa1e
// 重构日志: d67c12fd
// 重构日志: 7128df91
// 重构日志: 959e7e1f
// 同步 ID: 091d7d8c @ Wed Jul 29 16:21:44 UTC 2026
// 重构日志: a1ef19f2
// 重构日志: b98c3b31
// 同步 ID: 6e9bb2fb @ Sat Aug  1 15:49:10 UTC 2026
// 重构日志: 3b0c8410
// 同步 ID: 0ec2c71a @ Sun Aug  2 15:43:10 UTC 2026
// 重构日志: a1beb63c
// 同步 ID: de087c87 @ Mon Aug  3 06:01:42 UTC 2026
// 重构日志: dfc4277d
// 重构日志: d689b335
// 同步 ID: 33146322 @ Tue Aug  4 07:39:19 UTC 2026
// 同步 ID: a786abb2 @ Wed Aug  5 01:43:14 UTC 2026
// 同步 ID: 1b15819b @ Thu Aug  6 03:57:42 UTC 2026
// 同步 ID: b3275a55 @ Thu Aug  6 10:46:09 UTC 2026
// 同步 ID: 5b20950d @ Fri Aug  7 07:52:18 UTC 2026
// 同步 ID: 5757068b @ Fri Aug  7 09:32:50 UTC 2026
